// Jest Snapshot v1, https://goo.gl/fbAQLP

exports[`example can run a test 1`] = `3`;
